2025-12-14T16:21:34+08:00 | Resending SMS Order #197
 - Rider Phone: [09461075459]
 - Msg: Order ORD-20251214-FAC2B0: You are assigned delivery. Upload proof: https://fingerling.shop/rider/delivery-proof.php?token=c717d96e8392e10592fb210d16567dd2 Expires in 12h.
 - Send Result: TRUE
-------------------------
2025-12-14T16:33:19+08:00 | Resending SMS Order #197
 - Rider Phone: [09461075459]
 - Msg: Order ORD-20251214-FAC2B0: You are assigned. Upload: fingerling.shop/rider/delivery-proof.php?token=c2a58241a1f46499ef8ba34608d2544f Code: c2a582
 - Send Result: TRUE
-------------------------
2025-12-14T16:36:50+08:00 | Resending SMS Order #197
 - Rider Phone: [09461075459]
 - Msg: Order ORD-20251214-FAC2B0: You are assigned. Upload: fingerling.shop/capstone/rider/delivery-proof.php?token=4353e05451ac405bb7a97fdfd4efa3e5 Code: 4353e0
 - Send Result: TRUE
-------------------------
2025-12-14T16:44:19+08:00 | Resending SMS Order #197
 - Rider Phone: [09461075459]
 - Msg: Order ORD-20251214-FAC2B0: You are assigned. Upload: fingerling.shop/rider/delivery-proof.php?token=59d524e38b0fff87ef5b8412738f8a7f Code: 59d524
 - Send Result: TRUE
-------------------------
2025-12-14T16:46:57+08:00 | Resending SMS Order #197
 - Rider Phone: [09461075459]
 - Msg: Order ORD-20251214-FAC2B0: You are assigned. Upload: fingerling.shop/rider/delivery-proof.php?token=c2997eeae427a64ff09042b626b9d99b Code: c2997e
 - Send Result: TRUE
-------------------------
2025-12-14T17:01:04+08:00 | Resending SMS Order #196
 - Rider Phone: [09461075459]
 - Msg: Order ORD-20251214-F585BD: You are assigned. Upload: fingerling.shop/rider/delivery-proof.php?token=75a47643498181b0e9cdb819b11f7069 Code: 75a476
 - Send Result: TRUE
-------------------------
2025-12-14T17:02:10+08:00 | Resending SMS Order #196
 - Rider Phone: [09461075459]
 - Msg: Order ORD-20251214-F585BD: You are assigned. Upload: fingerling.shop/rider/delivery-proof.php?token=5a1633a79854a07fbcf93279815efb27 Code: 5a1633
 - Send Result: TRUE
-------------------------
2025-12-14T17:03:43+08:00 | Resending SMS Order #196
 - Rider Phone: [09461075459]
 - Msg: Order ORD-20251214-F585BD: You are assigned. Upload: fingerling.shop/rider/delivery-proof.php?token=366d70e4fe28b465e1ceaae08aabdea7 Code: 366d70
 - Send Result: TRUE
-------------------------
2025-12-16T10:47:50+08:00 | Resending SMS Order #196
 - Rider Phone: [09461075459]
 - Msg: Order ORD-20251214-F585BD: You are assigned. Upload: fingerling.shop/rider/delivery-proof.php?token=41db423500708806e660bb34927ccd4e Code: 41db42
 - Send Result: TRUE
-------------------------
2025-12-16T11:55:55+08:00 | Resending SMS Order #203
 - Rider Phone: [09461075459]
 - Msg: Order ORD-20251216-B729BD: You are assigned. Upload: fingerling.shop/rider/delivery-proof.php?token=131224b92ed6a6ffe24c1238592be55d Code: 131224
 - Send Result: TRUE
-------------------------
2025-12-17T06:24:44+08:00 | Resending SMS Order #203
 - Rider Phone: [09461075459]
 - Msg: Order ORD-20251216-B729BD: You are assigned. Upload: fingerling.shop/rider/delivery-proof.php?token=7f64869f74e0ecc0e9d34bbadd1a1490 Code: 7f6486
 - Send Result: TRUE
-------------------------
